// Jest Snapshot v1, https://goo.gl/fbAQLP

exports[`index page it should render the page title 1`] = `
<body>
  <div>
     
    <section
      class="hero"
    >
      <h1
        class="title mdc-typography--headline1 u-centered"
      >
        The Perfect Cookie
      </h1>
    </section>
     
    <section
      class="controls"
    >
      <div
        class="mdc-layout-grid"
      >
        <div
          class="grid mdc-layout-grid__inner"
        >
          <div
            class="first-column mdc-layout-grid__cell mdc-layout-grid__cell--span-1-phone mdc-layout-grid__cell--span-1-tablet mdc-layout-grid__cell--span-2-desktop"
          >
            <span>
              Smooth
            </span>
          </div>
           
          <div
            class="mdc-layout-grid__cell mdc-layout-grid__cell--span-2-phone mdc-layout-grid__cell--span-6-tablet mdc-layout-grid__cell--span-8-desktop"
          >
            <div
              aria-valuemax="100"
              aria-valuemin="0"
              aria-valuenow="60"
              class="mdc-slider"
              data-step="20"
              role="slider"
              tabindex="0"
            >
              <div
                class="mdc-slider__track-container"
              >
                <div
                  class="mdc-slider__track"
                />
                 
              </div>
               
              <div
                class="mdc-slider__thumb-container"
              >
                 
                <svg
                  class="mdc-slider__thumb"
                  height="21"
                  width="21"
                >
                  <circle
                    cx="10.5"
                    cy="10.5"
                    r="7.875"
                  />
                </svg>
                 
                <div
                  class="mdc-slider__focus-ring"
                />
              </div>
            </div>
          </div>
           
          <div
            class="mdc-layout-grid__cell mdc-layout-grid__cell--span-1-phone mdc-layout-grid__cell--span-1-tablet mdc-layout-grid__cell--span-2-desktop"
          >
            <span>
              Craggy
            </span>
          </div>
        </div>
      </div>
       
      <div
        class="mdc-layout-grid"
      >
        <div
          class="grid mdc-layout-grid__inner"
        >
          <div
            class="first-column mdc-layout-grid__cell mdc-layout-grid__cell--span-1-phone mdc-layout-grid__cell--span-1-tablet mdc-layout-grid__cell--span-2-desktop"
          >
            <span>
              Soft
            </span>
          </div>
           
          <div
            class="mdc-layout-grid__cell mdc-layout-grid__cell--span-2-phone mdc-layout-grid__cell--span-6-tablet mdc-layout-grid__cell--span-8-desktop"
          >
            <div
              aria-valuemax="100"
              aria-valuemin="0"
              aria-valuenow="20"
              class="mdc-slider"
              data-step="20"
              role="slider"
              tabindex="0"
            >
              <div
                class="mdc-slider__track-container"
              >
                <div
                  class="mdc-slider__track"
                />
                 
              </div>
               
              <div
                class="mdc-slider__thumb-container"
              >
                 
                <svg
                  class="mdc-slider__thumb"
                  height="21"
                  width="21"
                >
                  <circle
                    cx="10.5"
                    cy="10.5"
                    r="7.875"
                  />
                </svg>
                 
                <div
                  class="mdc-slider__focus-ring"
                />
              </div>
            </div>
          </div>
           
          <div
            class="mdc-layout-grid__cell mdc-layout-grid__cell--span-1-phone mdc-layout-grid__cell--span-1-tablet mdc-layout-grid__cell--span-2-desktop"
          >
            <span>
              Crispy
            </span>
          </div>
        </div>
      </div>
       
      <div
        class="mdc-layout-grid"
      >
        <div
          class="grid mdc-layout-grid__inner"
        >
          <div
            class="first-column mdc-layout-grid__cell mdc-layout-grid__cell--span-1-phone mdc-layout-grid__cell--span-1-tablet mdc-layout-grid__cell--span-2-desktop"
          >
            <span>
              Light
            </span>
          </div>
           
          <div
            class="mdc-layout-grid__cell mdc-layout-grid__cell--span-2-phone mdc-layout-grid__cell--span-6-tablet mdc-layout-grid__cell--span-8-desktop"
          >
            <div
              aria-valuemax="100"
              aria-valuemin="0"
              aria-valuenow="100"
              class="mdc-slider"
              data-step="20"
              role="slider"
              tabindex="0"
            >
              <div
                class="mdc-slider__track-container"
              >
                <div
                  class="mdc-slider__track"
                />
                 
              </div>
               
              <div
                class="mdc-slider__thumb-container"
              >
                 
                <svg
                  class="mdc-slider__thumb"
                  height="21"
                  width="21"
                >
                  <circle
                    cx="10.5"
                    cy="10.5"
                    r="7.875"
                  />
                </svg>
                 
                <div
                  class="mdc-slider__focus-ring"
                />
              </div>
            </div>
          </div>
           
          <div
            class="mdc-layout-grid__cell mdc-layout-grid__cell--span-1-phone mdc-layout-grid__cell--span-1-tablet mdc-layout-grid__cell--span-2-desktop"
          >
            <span>
              Dark
            </span>
          </div>
        </div>
      </div>
       
      <div
        class="mdc-layout-grid"
      >
        <div
          class="grid mdc-layout-grid__inner"
        >
          <div
            class="first-column mdc-layout-grid__cell mdc-layout-grid__cell--span-1-phone mdc-layout-grid__cell--span-1-tablet mdc-layout-grid__cell--span-2-desktop"
          >
            <span>
              Fluffy
            </span>
          </div>
           
          <div
            class="mdc-layout-grid__cell mdc-layout-grid__cell--span-2-phone mdc-layout-grid__cell--span-6-tablet mdc-layout-grid__cell--span-8-desktop"
          >
            <div
              aria-valuemax="100"
              aria-valuemin="0"
              aria-valuenow="60"
              class="mdc-slider"
              data-step="20"
              role="slider"
              tabindex="0"
            >
              <div
                class="mdc-slider__track-container"
              >
                <div
                  class="mdc-slider__track"
                />
                 
              </div>
               
              <div
                class="mdc-slider__thumb-container"
              >
                 
                <svg
                  class="mdc-slider__thumb"
                  height="21"
                  width="21"
                >
                  <circle
                    cx="10.5"
                    cy="10.5"
                    r="7.875"
                  />
                </svg>
                 
                <div
                  class="mdc-slider__focus-ring"
                />
              </div>
            </div>
          </div>
           
          <div
            class="mdc-layout-grid__cell mdc-layout-grid__cell--span-1-phone mdc-layout-grid__cell--span-1-tablet mdc-layout-grid__cell--span-2-desktop"
          >
            <span>
              Dense
            </span>
          </div>
        </div>
      </div>
       
      <div
        class="mdc-layout-grid"
      >
        <div
          class="grid mdc-layout-grid__inner"
        >
          <div
            class="first-column mdc-layout-grid__cell mdc-layout-grid__cell--span-1-phone mdc-layout-grid__cell--span-1-tablet mdc-layout-grid__cell--span-2-desktop"
          >
            <span>
              Thin
            </span>
          </div>
           
          <div
            class="mdc-layout-grid__cell mdc-layout-grid__cell--span-2-phone mdc-layout-grid__cell--span-6-tablet mdc-layout-grid__cell--span-8-desktop"
          >
            <div
              aria-valuemax="100"
              aria-valuemin="0"
              aria-valuenow="40"
              class="mdc-slider"
              data-step="20"
              role="slider"
              tabindex="0"
            >
              <div
                class="mdc-slider__track-container"
              >
                <div
                  class="mdc-slider__track"
                />
                 
              </div>
               
              <div
                class="mdc-slider__thumb-container"
              >
                 
                <svg
                  class="mdc-slider__thumb"
                  height="21"
                  width="21"
                >
                  <circle
                    cx="10.5"
                    cy="10.5"
                    r="7.875"
                  />
                </svg>
                 
                <div
                  class="mdc-slider__focus-ring"
                />
              </div>
            </div>
          </div>
           
          <div
            class="mdc-layout-grid__cell mdc-layout-grid__cell--span-1-phone mdc-layout-grid__cell--span-1-tablet mdc-layout-grid__cell--span-2-desktop"
          >
            <span>
              Thick
            </span>
          </div>
        </div>
      </div>
       
      <div
        class="mdc-layout-grid"
      >
        <div
          class="grid mdc-layout-grid__inner"
        >
          <div
            class="first-column mdc-layout-grid__cell mdc-layout-grid__cell--span-1-phone mdc-layout-grid__cell--span-1-tablet mdc-layout-grid__cell--span-2-desktop"
          >
            <span>
              Crisp Edges
            </span>
          </div>
           
          <div
            class="mdc-layout-grid__cell mdc-layout-grid__cell--span-2-phone mdc-layout-grid__cell--span-6-tablet mdc-layout-grid__cell--span-8-desktop"
          >
            <div
              aria-valuemax="100"
              aria-valuemin="0"
              aria-valuenow="40"
              class="mdc-slider"
              data-step="20"
              role="slider"
              tabindex="0"
            >
              <div
                class="mdc-slider__track-container"
              >
                <div
                  class="mdc-slider__track"
                />
                 
              </div>
               
              <div
                class="mdc-slider__thumb-container"
              >
                 
                <svg
                  class="mdc-slider__thumb"
                  height="21"
                  width="21"
                >
                  <circle
                    cx="10.5"
                    cy="10.5"
                    r="7.875"
                  />
                </svg>
                 
                <div
                  class="mdc-slider__focus-ring"
                />
              </div>
            </div>
          </div>
           
          <div
            class="mdc-layout-grid__cell mdc-layout-grid__cell--span-1-phone mdc-layout-grid__cell--span-1-tablet mdc-layout-grid__cell--span-2-desktop"
          >
            <span>
              Uniform Texture
            </span>
          </div>
        </div>
      </div>
    </section>
     
    <section>
      <h2
        class="mdc-typography--headline1 u-centered"
      >
        Recipe
      </h2>
    </section>
     
    <section>
      <h2
        class="mdc-typography--headline1 u-centered"
      >
        Method
      </h2>
    </section>
     
    <footer />
  </div>
</body>
`;
